stock_name;open_value;open_amount;investment_result;earned_percentage;paid_provisions
CLSDPROF1;0;0;100.00;3.33;23.79
CLSDLOSS1;0;0;-260.80;-22.65;7.96
OPEN1;10.00;10;0;0;3
OPEN2;410.00;200;64.00;3.90;14.65
OPEN3;1100.00;110;-100.00;-10.00;11.70
LACKS1;0;0;0;0.0;3.90
LACKS2;0;0;50.00;5.0;12.09
LASTDATE1;0;0;341.30;34.13;9.13