stock_name;profit_for_current_tax_year
STOCK19-19;0
STOCK19-20;100.00
STOCK20-20;100.00