stock_name;open_value;open_amount;investment_result;earned_percentage
CLSDPROF1;0;0;100.00;3.33
CLSDLOSS1;0;0;-260.80;-22.65
OPEN1;10.00;10;0;0
OPEN2;410.00;200;64.00;3.90
OPEN3;1100.00;110;-100.00;-10.00
LACKS1;0;0;0;0.0
LACKS2;0;0;50.00;5.0
LASTDATE1;0;0;341.30;34.13